5.149029456175563402e-01
2.009890044614719429e+00
