2.415803926183727857e+00
3.957758339873970854e+00
4.195044865280936897e+00
3.646499497404236845e+00
7.839134923521597909e-01
4.875292985270842649e+00
2.827505760791610978e+00
4.769898317623221473e+00
7.407514603417983956e+00
9.659241726629221869e-01
5.644780051708082169e+00
2.633827725025035260e+00
