5.149030536967988958e-01
2.009890043019788575e+00
