1.000000000000000021e-02
0.000000000000000000e+00
1.000000000000000021e-02
5.999600007999924189e-04
1.000000000000000021e-02
1.199705365195721882e-03
