1.000000000000000056e-01
0.000000000000000000e+00
1.000000000000000056e-01
5.960079923851835382e-02
1.000000000000000056e-01
1.163174774926115235e-01
1.000000000000000056e-01
1.526867293265563030e-01
1.000000000000000056e-01
1.367890776526200225e-01
1.000000000000000056e-01
8.903718462471775508e-02
