1.000000000000000021e-02
0.000000000000000000e+00
1.000000000000000021e-02
5.999600007999925273e-04
