5.669456681101249229e-01
2.293889145170547872e-01
3.733402610400745059e-01
5.071904237683148020e-01
