5.158789747253303970e-01
2.009875169593585476e+00
