7.412847784321033862e-01
2.865912623362547040e-01
4.754604315219064237e-01
6.513874284677686477e-01
