1.625545998289206651e+00
1.203642228486790700e+00
1.183733122429738938e+00
3.705732513178541798e-02
