4.134476763937597887e+00
4.042679974947890997e+00
2.412349946507370113e+00
2.959040551053622625e+00
3.049527995451426943e+00
3.856175105221426147e+00
2.462919031186278307e+00
5.592589704482441526e+00
6.641295534614007678e+00
3.409234117248751250e+00
4.918855038355289366e+00
3.726101585787755965e+00
4.058362455701950644e+00
5.418627963950028992e+00
8.911662560447441983e-02
9.332351957195673675e-01
-4.909980371122281140e-01
4.866854668448537424e+00
4.914675769921053039e+00
5.206525238579259529e+00
6.172337376099942929e+00
4.871815669864262510e+00
2.741151666624195293e+00
4.840171980847915556e+00
8.917683875738773303e-01
3.997869399785497269e+00
1.114699423250099519e+00
