3.543129794221170581e+00
4.375214920072721725e+00
3.650506684800013169e+00
3.539864702952411513e+00
2.817149041450181191e+00
3.921505097774900861e+00
2.322887353548705569e+00
5.758422446781272797e+00
5.837572222692092083e+00
2.761178542829372695e+00
4.834115746237728217e+00
3.105845328373380010e+00
3.683596864339066190e+00
5.675255817725797236e+00
4.010838198610574001e-01
7.173603215005160960e-01
1.735057201195332188e-02
5.186255882725080646e+00
4.811737444685575404e+00
5.356762188564393234e+00
6.361857082105134786e+00
5.365899689428245800e+00
2.641383784307568927e+00
5.117226145119830427e+00
9.410630323543563991e-01
3.762565780089694556e+00
8.912530706025829641e-01
