5.626210397255835716e+00
4.963028723398160480e+00
4.368275433948578979e+00
2.792986132388808773e+00
2.608189804106265441e+00
4.113757308114370126e+00
3.181650470854141766e+00
5.760220717821760594e+00
6.096696367647056469e+00
2.321800921030930720e+00
4.965422825607179291e+00
3.330802781571029048e+00
3.559687220742407732e+00
5.822991696415676266e+00
4.772934514055064970e-01
5.312291963712059140e-01
8.761030762215596401e-02
5.247720650366180628e+00
4.862120637129929257e+00
5.478008761221524026e+00
6.161952204896642193e+00
5.039126618313415129e+00
2.895348893679761115e+00
4.904940026367345496e+00
7.388286098979613969e-01
4.015630571918912928e+00
9.306582041735210753e-01
