3.705548771113760242e+00
4.570044723473086101e+00
3.609288285246643024e+00
3.211140468209619847e+00
2.540640910662608665e+00
3.880286696220767162e+00
2.739419079661859602e+00
5.481914331999808709e+00
5.883015260209523589e+00
2.478529118951129817e+00
4.982313429205010635e+00
3.151288354688047910e+00
3.555053136686849857e+00
5.823453514698424982e+00
4.236483912618405068e-01
9.080965287180534640e-01
-2.841588102501482194e-01
5.208820457627200362e+00
4.655628432561794483e+00
5.055252810954823595e+00
6.179253091816462984e+00
5.202017633729099977e+00
2.822808830356239529e+00
4.934622159332876734e+00
5.306138387942347379e-01
3.943990833839792653e+00
1.262044372532761916e+00
